192.168.1.211 - - [06/May/2023:17:44:57 +0700] "GET /book-store-be/api/v1/books/pagination?page=1&size=5 HTTP/1.1" 200 974300
192.168.1.211 - - [06/May/2023:17:44:57 +0700] "GET /book-store-be/api/v1/books/pagination?page=1&size=5 HTTP/1.1" 200 974300
192.168.1.211 - - [06/May/2023:17:44:59 +0700] "POST /book-store-be/api/v1/cart HTTP/1.1" 201 128
192.168.1.211 - - [06/May/2023:17:45:10 +0700] "POST /book-store-be/api/v1/cart HTTP/1.1" 201 130
192.168.1.211 - - [06/May/2023:17:45:15 +0700] "POST /book-store-be/api/v1/cart-update HTTP/1.1" 200 130
192.168.1.211 - - [06/May/2023:17:45:27 +0700] "POST /book-store-be/api/v1/cart-update HTTP/1.1" 200 130
192.168.1.211 - - [06/May/2023:17:46:07 +0700] "POST /book-store-be/api/v1/cart HTTP/1.1" 201 112
192.168.1.211 - - [06/May/2023:17:46:08 +0700] "POST /book-store-be/api/v1/cart-update HTTP/1.1" 200 112
192.168.1.211 - - [06/May/2023:17:46:20 +0700] "POST /book-store-be/api/v1/cart-update HTTP/1.1" 200 112
127.0.0.1 - - [06/May/2023:17:47:25 +0700] "GET / HTTP/1.1" 404 751
0:0:0:0:0:0:0:1 - - [06/May/2023:17:47:25 +0700] "GET /book-store-be/api/v1/cart-update HTTP/1.1" 200 25
192.168.1.211 - - [06/May/2023:17:47:35 +0700] "GET /book-store-be/api/v1/books/pagination?page=1&size=5 HTTP/1.1" 200 974300
192.168.1.211 - - [06/May/2023:17:47:35 +0700] "GET /book-store-be/api/v1/books/pagination?page=1&size=5 HTTP/1.1" 200 974300
192.168.1.211 - - [06/May/2023:17:47:37 +0700] "POST /book-store-be/api/v1/cart HTTP/1.1" 201 128
192.168.1.211 - - [06/May/2023:17:47:41 +0700] "POST /book-store-be/api/v1/cart-update HTTP/1.1" 200 128
127.0.0.1 - - [06/May/2023:17:48:27 +0700] "GET / HTTP/1.1" 404 751
0:0:0:0:0:0:0:1 - - [06/May/2023:17:48:28 +0700] "GET /book-store-be/api/v1/cart-update HTTP/1.1" 200 25
192.168.1.211 - - [06/May/2023:17:48:35 +0700] "POST /book-store-be/api/v1/cart HTTP/1.1" 201 130
192.168.1.211 - - [06/May/2023:17:48:36 +0700] "GET /book-store-be/api/v1/books/pagination?page=1&size=5 HTTP/1.1" 200 974300
192.168.1.211 - - [06/May/2023:17:48:36 +0700] "GET /book-store-be/api/v1/books/pagination?page=1&size=5 HTTP/1.1" 200 974300
192.168.1.211 - - [06/May/2023:17:48:40 +0700] "POST /book-store-be/api/v1/cart HTTP/1.1" 201 130
192.168.1.211 - - [06/May/2023:17:48:43 +0700] "POST /book-store-be/api/v1/cart-update HTTP/1.1" 200 130
192.168.1.211 - - [06/May/2023:17:48:49 +0700] "POST /book-store-be/api/v1/cart-update HTTP/1.1" 200 130
192.168.1.211 - - [06/May/2023:17:48:51 +0700] "POST /book-store-be/api/v1/cart-update HTTP/1.1" 200 130
192.168.1.211 - - [06/May/2023:17:48:52 +0700] "POST /book-store-be/api/v1/cart-update HTTP/1.1" 200 130
192.168.1.211 - - [06/May/2023:17:48:53 +0700] "POST /book-store-be/api/v1/cart-update HTTP/1.1" 200 130
127.0.0.1 - - [06/May/2023:17:50:16 +0700] "GET / HTTP/1.1" 404 751
0:0:0:0:0:0:0:1 - - [06/May/2023:17:50:17 +0700] "GET /book-store-be/api/v1/cart-update HTTP/1.1" 200 25
192.168.1.211 - - [06/May/2023:17:50:29 +0700] "GET /book-store-be/api/v1/books/pagination?page=1&size=5 HTTP/1.1" 200 974300
192.168.1.211 - - [06/May/2023:17:50:29 +0700] "GET /book-store-be/api/v1/books/pagination?page=1&size=5 HTTP/1.1" 200 974300
192.168.1.211 - - [06/May/2023:17:50:36 +0700] "POST /book-store-be/api/v1/cart HTTP/1.1" 201 130
192.168.1.211 - - [06/May/2023:17:50:38 +0700] "POST /book-store-be/api/v1/cart-update HTTP/1.1" 200 130
0:0:0:0:0:0:0:1 - - [06/May/2023:17:51:07 +0700] "GET /book-store-be/api/v1/cart-update HTTP/1.1" 200 25
192.168.1.211 - - [06/May/2023:17:51:10 +0700] "GET /book-store-be/api/v1/books/pagination?page=1&size=5 HTTP/1.1" 200 974300
192.168.1.211 - - [06/May/2023:17:51:11 +0700] "GET /book-store-be/api/v1/books/pagination?page=1&size=5 HTTP/1.1" 200 974300
192.168.1.211 - - [06/May/2023:17:51:20 +0700] "POST /book-store-be/api/v1/cart HTTP/1.1" 201 130
127.0.0.1 - - [06/May/2023:17:51:44 +0700] "GET / HTTP/1.1" 404 751
0:0:0:0:0:0:0:1 - - [06/May/2023:17:51:45 +0700] "GET /book-store-be/api/v1/cart-update HTTP/1.1" 200 25
192.168.1.211 - - [06/May/2023:17:51:50 +0700] "GET /book-store-be/api/v1/books/pagination?page=1&size=5 HTTP/1.1" 200 974300
192.168.1.211 - - [06/May/2023:17:51:50 +0700] "GET /book-store-be/api/v1/books/pagination?page=1&size=5 HTTP/1.1" 200 974300
192.168.1.211 - - [06/May/2023:17:51:53 +0700] "POST /book-store-be/api/v1/cart HTTP/1.1" 201 115
192.168.1.211 - - [06/May/2023:17:51:55 +0700] "POST /book-store-be/api/v1/cart-update HTTP/1.1" 200 115
192.168.1.211 - - [06/May/2023:17:52:04 +0700] "POST /book-store-be/api/v1/cart-update HTTP/1.1" 200 115
192.168.1.211 - - [06/May/2023:17:52:07 +0700] "POST /book-store-be/api/v1/cart HTTP/1.1" 201 128
192.168.1.211 - - [06/May/2023:17:52:08 +0700] "POST /book-store-be/api/v1/cart-update HTTP/1.1" 200 128
192.168.1.211 - - [06/May/2023:17:52:08 +0700] "POST /book-store-be/api/v1/cart-update HTTP/1.1" 200 128
192.168.1.211 - - [06/May/2023:17:52:09 +0700] "POST /book-store-be/api/v1/cart-update HTTP/1.1" 200 128
192.168.1.211 - - [06/May/2023:17:52:09 +0700] "POST /book-store-be/api/v1/cart-update HTTP/1.1" 200 128
127.0.0.1 - - [06/May/2023:17:55:45 +0700] "GET / HTTP/1.1" 404 751
0:0:0:0:0:0:0:1 - - [06/May/2023:17:55:45 +0700] "GET /book-store-be/api/v1/cart-delete HTTP/1.1" 200 25
192.168.1.211 - - [06/May/2023:17:55:53 +0700] "GET /book-store-be/api/v1/books/pagination?page=1&size=5 HTTP/1.1" 200 974300
192.168.1.211 - - [06/May/2023:17:55:54 +0700] "GET /book-store-be/api/v1/books/pagination?page=1&size=5 HTTP/1.1" 200 974300
192.168.1.211 - - [06/May/2023:17:56:10 +0700] "POST /book-store-be/api/v1/cart HTTP/1.1" 201 115
192.168.1.211 - - [06/May/2023:17:56:20 +0700] "POST /book-store-be/api/v1/cart HTTP/1.1" 201 128
192.168.1.211 - - [06/May/2023:17:56:25 +0700] "POST /book-store-be/api/v1/cart HTTP/1.1" 201 130
192.168.1.211 - - [06/May/2023:17:56:35 +0700] "POST /book-store-be/api/v1/cart-update HTTP/1.1" 200 130
192.168.1.211 - - [06/May/2023:17:56:39 +0700] "POST /book-store-be/api/v1/cart-update HTTP/1.1" 200 130
127.0.0.1 - - [06/May/2023:17:57:47 +0700] "GET / HTTP/1.1" 404 751
0:0:0:0:0:0:0:1 - - [06/May/2023:17:57:47 +0700] "GET /book-store-be/api/v1/cart-delete HTTP/1.1" 200 25
192.168.1.211 - - [06/May/2023:17:57:53 +0700] "GET /book-store-be/api/v1/books/pagination?page=1&size=5 HTTP/1.1" 200 65606
192.168.1.211 - - [06/May/2023:17:57:53 +0700] "GET /book-store-be/api/v1/books/pagination?page=1&size=5 HTTP/1.1" 200 65606
192.168.1.211 - - [06/May/2023:17:57:53 +0700] "GET /book-store-be/api/v1/books/pagination?page=1&size=5 HTTP/1.1" 200 65606
192.168.1.211 - - [06/May/2023:17:57:53 +0700] "GET /book-store-be/api/v1/books/pagination?page=1&size=5 HTTP/1.1" 200 65606
192.168.1.211 - - [06/May/2023:17:57:53 +0700] "GET /book-store-be/api/v1/books/pagination?page=1&size=5 HTTP/1.1" 200 974300
192.168.1.211 - - [06/May/2023:17:57:53 +0700] "GET /book-store-be/api/v1/books/pagination?page=1&size=5 HTTP/1.1" 200 974300
192.168.1.211 - - [06/May/2023:17:57:57 +0700] "POST /book-store-be/api/v1/cart HTTP/1.1" 201 115
192.168.1.211 - - [06/May/2023:17:57:59 +0700] "POST /book-store-be/api/v1/cart-update HTTP/1.1" 200 115
192.168.1.211 - - [06/May/2023:17:58:00 +0700] "POST /book-store-be/api/v1/cart-update HTTP/1.1" 200 115
192.168.1.211 - - [06/May/2023:17:58:00 +0700] "POST /book-store-be/api/v1/cart-update HTTP/1.1" 200 115
192.168.1.211 - - [06/May/2023:17:58:01 +0700] "POST /book-store-be/api/v1/cart HTTP/1.1" 201 128
192.168.1.211 - - [06/May/2023:17:58:02 +0700] "POST /book-store-be/api/v1/cart-update HTTP/1.1" 200 128
192.168.1.211 - - [06/May/2023:17:58:16 +0700] "POST /book-store-be/api/v1/cart-update HTTP/1.1" 200 115
192.168.1.211 - - [06/May/2023:17:58:25 +0700] "POST /book-store-be/api/v1/cart-update HTTP/1.1" 200 128
192.168.1.211 - - [06/May/2023:17:58:30 +0700] "POST /book-store-be/api/v1/cart-update HTTP/1.1" 200 115
192.168.1.211 - - [06/May/2023:17:58:31 +0700] "POST /book-store-be/api/v1/cart-update HTTP/1.1" 200 115
192.168.1.211 - - [06/May/2023:17:58:38 +0700] "POST /book-store-be/api/v1/cart-update HTTP/1.1" 200 115
192.168.1.211 - - [06/May/2023:17:58:41 +0700] "POST /book-store-be/api/v1/cart-update HTTP/1.1" 200 115
192.168.1.211 - - [06/May/2023:17:58:43 +0700] "POST /book-store-be/api/v1/cart-update HTTP/1.1" 200 115
192.168.1.211 - - [06/May/2023:17:58:43 +0700] "POST /book-store-be/api/v1/cart-update HTTP/1.1" 200 115
127.0.0.1 - - [06/May/2023:18:02:39 +0700] "GET / HTTP/1.1" 404 751
0:0:0:0:0:0:0:1 - - [06/May/2023:18:02:40 +0700] "GET /book-store-be/api/v1/cart-update HTTP/1.1" 200 25
192.168.1.211 - - [06/May/2023:18:02:45 +0700] "GET /book-store-be/api/v1/books/pagination?page=1&size=5 HTTP/1.1" 200 974300
192.168.1.211 - - [06/May/2023:18:02:45 +0700] "GET /book-store-be/api/v1/books/pagination?page=1&size=5 HTTP/1.1" 200 974300
127.0.0.1 - - [06/May/2023:18:03:16 +0700] "GET / HTTP/1.1" 404 751
0:0:0:0:0:0:0:1 - - [06/May/2023:18:03:17 +0700] "GET /book-store-be/api/v1/cart-delete HTTP/1.1" 200 25
192.168.1.211 - - [06/May/2023:18:03:27 +0700] "GET /book-store-be/api/v1/books/pagination?page=1&size=5 HTTP/1.1" 200 974300
192.168.1.211 - - [06/May/2023:18:03:27 +0700] "GET /book-store-be/api/v1/books/pagination?page=1&size=5 HTTP/1.1" 200 974300
192.168.1.211 - - [06/May/2023:18:03:34 +0700] "POST /book-store-be/api/v1/cart HTTP/1.1" 201 128
192.168.1.211 - - [06/May/2023:18:03:39 +0700] "POST /book-store-be/api/v1/cart HTTP/1.1" 201 115
192.168.1.211 - - [06/May/2023:18:03:41 +0700] "POST /book-store-be/api/v1/cart-update HTTP/1.1" 200 128
192.168.1.211 - - [06/May/2023:18:03:42 +0700] "POST /book-store-be/api/v1/cart-update HTTP/1.1" 200 115
192.168.1.211 - - [06/May/2023:18:03:43 +0700] "POST /book-store-be/api/v1/cart HTTP/1.1" 201 130
192.168.1.211 - - [06/May/2023:18:03:44 +0700] "POST /book-store-be/api/v1/cart HTTP/1.1" 201 112
192.168.1.211 - - [06/May/2023:18:03:46 +0700] "POST /book-store-be/api/v1/cart HTTP/1.1" 201 130
192.168.1.211 - - [06/May/2023:18:03:52 +0700] "POST /book-store-be/api/v1/cart-update HTTP/1.1" 200 128
192.168.1.211 - - [06/May/2023:18:03:53 +0700] "POST /book-store-be/api/v1/cart-update HTTP/1.1" 200 115
192.168.1.211 - - [06/May/2023:18:03:54 +0700] "POST /book-store-be/api/v1/cart-update HTTP/1.1" 200 112
192.168.1.211 - - [06/May/2023:18:03:55 +0700] "POST /book-store-be/api/v1/cart-update HTTP/1.1" 200 130
192.168.1.211 - - [06/May/2023:18:04:13 +0700] "POST /book-store-be/api/v1/cart-delete HTTP/1.1" 500 1439
127.0.0.1 - - [06/May/2023:18:05:20 +0700] "GET / HTTP/1.1" 404 751
0:0:0:0:0:0:0:1 - - [06/May/2023:18:05:21 +0700] "GET /book-store-be/api/v1/cart-delete HTTP/1.1" 200 25
192.168.1.211 - - [06/May/2023:18:05:26 +0700] "GET /book-store-be/api/v1/books/pagination?page=1&size=5 HTTP/1.1" 200 974300
192.168.1.211 - - [06/May/2023:18:05:26 +0700] "GET /book-store-be/api/v1/books/pagination?page=1&size=5 HTTP/1.1" 200 974300
192.168.1.211 - - [06/May/2023:18:05:33 +0700] "GET /book-store-be/api/v1/books/pagination?page=1&size=5 HTTP/1.1" 200 974300
192.168.1.211 - - [06/May/2023:18:05:33 +0700] "GET /book-store-be/api/v1/books/pagination?page=1&size=5 HTTP/1.1" 200 974300
192.168.1.211 - - [06/May/2023:18:05:49 +0700] "GET /book-store-be/api/v1/books/pagination?page=2&size=5 HTTP/1.1" 200 1369961
192.168.1.211 - - [06/May/2023:18:05:52 +0700] "POST /book-store-be/api/v1/cart HTTP/1.1" 201 133
192.168.1.211 - - [06/May/2023:18:05:56 +0700] "POST /book-store-be/api/v1/cart-update HTTP/1.1" 200 133
192.168.1.211 - - [06/May/2023:18:06:07 +0700] "POST /book-store-be/api/v1/cart-delete HTTP/1.1" 500 1439
192.168.1.211 - - [06/May/2023:18:07:15 +0700] "GET /book-store-be/api/v1/books/pagination?page=1&size=5 HTTP/1.1" 200 974300
192.168.1.211 - - [06/May/2023:18:07:15 +0700] "GET /book-store-be/api/v1/books/pagination?page=1&size=5 HTTP/1.1" 200 974300
192.168.1.211 - - [06/May/2023:18:07:17 +0700] "POST /book-store-be/api/v1/cart HTTP/1.1" 201 128
192.168.1.211 - - [06/May/2023:18:07:18 +0700] "POST /book-store-be/api/v1/cart-update HTTP/1.1" 200 128
192.168.1.211 - - [06/May/2023:18:07:21 +0700] "POST /book-store-be/api/v1/cart-delete HTTP/1.1" 500 1439
127.0.0.1 - - [06/May/2023:18:07:51 +0700] "GET / HTTP/1.1" 404 751
0:0:0:0:0:0:0:1 - - [06/May/2023:18:07:52 +0700] "GET /book-store-be/api/v1/cart-delete HTTP/1.1" 200 25
192.168.1.211 - - [06/May/2023:18:07:58 +0700] "GET /book-store-be/api/v1/books/pagination?page=1&size=5 HTTP/1.1" 200 974300
192.168.1.211 - - [06/May/2023:18:07:58 +0700] "GET /book-store-be/api/v1/books/pagination?page=1&size=5 HTTP/1.1" 200 974300
127.0.0.1 - - [06/May/2023:18:08:19 +0700] "GET / HTTP/1.1" 404 751
0:0:0:0:0:0:0:1 - - [06/May/2023:18:08:20 +0700] "GET /book-store-be/api/v1/cart-delete HTTP/1.1" 200 25
192.168.1.211 - - [06/May/2023:18:08:26 +0700] "GET /book-store-be/api/v1/books/pagination?page=1&size=5 HTTP/1.1" 200 974300
192.168.1.211 - - [06/May/2023:18:08:26 +0700] "GET /book-store-be/api/v1/books/pagination?page=1&size=5 HTTP/1.1" 200 974300
192.168.1.211 - - [06/May/2023:18:08:30 +0700] "GET /book-store-be/api/v1/books/pagination?page=2&size=5 HTTP/1.1" 200 1369961
192.168.1.211 - - [06/May/2023:18:08:33 +0700] "POST /book-store-be/api/v1/cart HTTP/1.1" 201 139
192.168.1.211 - - [06/May/2023:18:08:34 +0700] "POST /book-store-be/api/v1/cart-update HTTP/1.1" 200 139
192.168.1.211 - - [06/May/2023:18:08:35 +0700] "POST /book-store-be/api/v1/cart HTTP/1.1" 201 133
192.168.1.211 - - [06/May/2023:18:08:36 +0700] "POST /book-store-be/api/v1/cart HTTP/1.1" 201 145
192.168.1.211 - - [06/May/2023:18:08:41 +0700] "POST /book-store-be/api/v1/cart-update HTTP/1.1" 200 145
192.168.1.211 - - [06/May/2023:18:08:42 +0700] "POST /book-store-be/api/v1/cart-update HTTP/1.1" 200 133
192.168.1.211 - - [06/May/2023:18:08:43 +0700] "POST /book-store-be/api/v1/cart-update HTTP/1.1" 200 139
192.168.1.211 - - [06/May/2023:18:08:43 +0700] "POST /book-store-be/api/v1/cart-update HTTP/1.1" 200 133
192.168.1.211 - - [06/May/2023:18:08:44 +0700] "POST /book-store-be/api/v1/cart-update HTTP/1.1" 200 133
192.168.1.211 - - [06/May/2023:18:08:46 +0700] "POST /book-store-be/api/v1/cart-update HTTP/1.1" 200 133
192.168.1.211 - - [06/May/2023:18:08:51 +0700] "POST /book-store-be/api/v1/cart-delete HTTP/1.1" 400 6
127.0.0.1 - - [06/May/2023:18:09:56 +0700] "GET / HTTP/1.1" 404 751
0:0:0:0:0:0:0:1 - - [06/May/2023:18:09:56 +0700] "GET /book-store-be/api/v1/cart-delete HTTP/1.1" 200 25
192.168.1.211 - - [06/May/2023:18:10:02 +0700] "GET /book-store-be/api/v1/books/pagination?page=2&size=5 HTTP/1.1" 200 49206
192.168.1.211 - - [06/May/2023:18:10:02 +0700] "GET /book-store-be/api/v1/books/pagination?page=2&size=5 HTTP/1.1" 200 65606
192.168.1.211 - - [06/May/2023:18:10:02 +0700] "GET /book-store-be/api/v1/books/pagination?page=1&size=5 HTTP/1.1" 200 974300
192.168.1.211 - - [06/May/2023:18:10:02 +0700] "GET /book-store-be/api/v1/books/pagination?page=1&size=5 HTTP/1.1" 200 974300
192.168.1.211 - - [06/May/2023:18:10:06 +0700] "GET /book-store-be/api/v1/books/pagination?page=2&size=5 HTTP/1.1" 200 1369961
192.168.1.211 - - [06/May/2023:18:10:07 +0700] "GET /book-store-be/api/v1/books/pagination?page=3&size=5 HTTP/1.1" 200 1603925
192.168.1.211 - - [06/May/2023:18:10:11 +0700] "POST /book-store-be/api/v1/cart HTTP/1.1" 201 123
192.168.1.211 - - [06/May/2023:18:10:12 +0700] "POST /book-store-be/api/v1/cart HTTP/1.1" 201 139
192.168.1.211 - - [06/May/2023:18:10:13 +0700] "POST /book-store-be/api/v1/cart HTTP/1.1" 201 137
192.168.1.211 - - [06/May/2023:18:10:14 +0700] "POST /book-store-be/api/v1/cart HTTP/1.1" 201 127
192.168.1.211 - - [06/May/2023:18:10:15 +0700] "POST /book-store-be/api/v1/cart-update HTTP/1.1" 200 137
192.168.1.211 - - [06/May/2023:18:10:26 +0700] "POST /book-store-be/api/v1/cart-delete HTTP/1.1" 400 6
127.0.0.1 - - [06/May/2023:18:14:44 +0700] "GET / HTTP/1.1" 404 751
0:0:0:0:0:0:0:1 - - [06/May/2023:18:14:45 +0700] "GET /book-store-be/WEB-INF/classes/dao/CartDAO.java HTTP/1.1" 404 682
192.168.1.211 - - [06/May/2023:18:14:50 +0700] "GET /book-store-be/api/v1/books/pagination?page=3&size=5 HTTP/1.1" 200 65606
192.168.1.211 - - [06/May/2023:18:14:50 +0700] "GET /book-store-be/api/v1/books/pagination?page=3&size=5 HTTP/1.1" 200 65606
192.168.1.211 - - [06/May/2023:18:14:50 +0700] "GET /book-store-be/api/v1/books/pagination?page=1&size=5 HTTP/1.1" 200 974300
192.168.1.211 - - [06/May/2023:18:14:50 +0700] "GET /book-store-be/api/v1/books/pagination?page=1&size=5 HTTP/1.1" 200 974300
192.168.1.211 - - [06/May/2023:18:15:24 +0700] "GET /book-store-be/api/v1/books/pagination?page=1&size=5 HTTP/1.1" 200 974300
192.168.1.211 - - [06/May/2023:18:15:24 +0700] "GET /book-store-be/api/v1/books/pagination?page=1&size=5 HTTP/1.1" 200 974300
192.168.1.211 - - [06/May/2023:18:15:36 +0700] "GET /book-store-be/api/v1/books/pagination?page=1&size=5 HTTP/1.1" 200 974300
192.168.1.211 - - [06/May/2023:18:15:37 +0700] "GET /book-store-be/api/v1/books/pagination?page=1&size=5 HTTP/1.1" 200 974300
192.168.1.211 - - [06/May/2023:18:15:47 +0700] "GET /book-store-be/api/v1/books/pagination?page=1&size=5 HTTP/1.1" 200 974300
192.168.1.211 - - [06/May/2023:18:15:47 +0700] "GET /book-store-be/api/v1/books/pagination?page=1&size=5 HTTP/1.1" 200 974300
192.168.1.211 - - [06/May/2023:18:16:15 +0700] "GET /book-store-be/api/v1/books/pagination?page=1&size=8 HTTP/1.1" 200 2302396
192.168.1.211 - - [06/May/2023:18:16:15 +0700] "GET /book-store-be/api/v1/books/pagination?page=1&size=8 HTTP/1.1" 200 2302396
192.168.1.211 - - [06/May/2023:18:16:18 +0700] "GET /book-store-be/api/v1/books/pagination?page=2&size=8 HTTP/1.1" 200 1645719
192.168.1.211 - - [06/May/2023:18:16:22 +0700] "GET /book-store-be/api/v1/books/pagination?page=3&size=8 HTTP/1.1" 200 60
192.168.1.211 - - [06/May/2023:18:16:24 +0700] "GET /book-store-be/api/v1/books/pagination?page=2&size=8 HTTP/1.1" 200 1645719
192.168.1.211 - - [06/May/2023:18:16:28 +0700] "GET /book-store-be/api/v1/books/pagination?page=1&size=8 HTTP/1.1" 200 2302396
192.168.1.211 - - [06/May/2023:18:16:33 +0700] "POST /book-store-be/api/v1/cart HTTP/1.1" 201 130
192.168.1.211 - - [06/May/2023:18:16:35 +0700] "POST /book-store-be/api/v1/cart HTTP/1.1" 201 112
192.168.1.211 - - [06/May/2023:18:16:36 +0700] "POST /book-store-be/api/v1/cart HTTP/1.1" 201 128
192.168.1.211 - - [06/May/2023:18:16:37 +0700] "POST /book-store-be/api/v1/cart HTTP/1.1" 201 115
192.168.1.211 - - [06/May/2023:18:16:37 +0700] "POST /book-store-be/api/v1/cart-update HTTP/1.1" 200 128
192.168.1.211 - - [06/May/2023:18:16:38 +0700] "POST /book-store-be/api/v1/cart-update HTTP/1.1" 200 130
192.168.1.211 - - [06/May/2023:18:16:39 +0700] "POST /book-store-be/api/v1/cart-update HTTP/1.1" 200 112
192.168.1.211 - - [06/May/2023:18:16:40 +0700] "POST /book-store-be/api/v1/cart HTTP/1.1" 201 145
192.168.1.211 - - [06/May/2023:18:16:47 +0700] "POST /book-store-be/api/v1/cart-delete HTTP/1.1" 400 6
127.0.0.1 - - [06/May/2023:18:19:07 +0700] "GET / HTTP/1.1" 404 751
0:0:0:0:0:0:0:1 - - [06/May/2023:18:19:08 +0700] "GET /book-store-be/api/v1/cart-delete HTTP/1.1" 200 25
192.168.1.211 - - [06/May/2023:18:19:13 +0700] "GET /book-store-be/api/v1/books/pagination?page=1&size=8 HTTP/1.1" 200 65606
192.168.1.211 - - [06/May/2023:18:19:13 +0700] "GET /book-store-be/api/v1/books/pagination?page=1&size=8 HTTP/1.1" 200 65606
192.168.1.211 - - [06/May/2023:18:19:13 +0700] "GET /book-store-be/api/v1/books/pagination?page=1&size=8 HTTP/1.1" 200 2302396
192.168.1.211 - - [06/May/2023:18:19:13 +0700] "GET /book-store-be/api/v1/books/pagination?page=1&size=8 HTTP/1.1" 200 2302396
192.168.1.211 - - [06/May/2023:18:19:15 +0700] "POST /book-store-be/api/v1/cart HTTP/1.1" 201 112
192.168.1.211 - - [06/May/2023:18:19:16 +0700] "POST /book-store-be/api/v1/cart HTTP/1.1" 201 130
192.168.1.211 - - [06/May/2023:18:19:18 +0700] "POST /book-store-be/api/v1/cart-delete HTTP/1.1" 200 8
127.0.0.1 - - [06/May/2023:18:20:19 +0700] "GET / HTTP/1.1" 404 751
0:0:0:0:0:0:0:1 - - [06/May/2023:18:20:19 +0700] "GET /book-store-be/api/v1/cart-delete HTTP/1.1" 200 25
192.168.1.211 - - [06/May/2023:18:20:25 +0700] "GET /book-store-be/api/v1/books/pagination?page=1&size=8 HTTP/1.1" 200 2302396
192.168.1.211 - - [06/May/2023:18:20:25 +0700] "GET /book-store-be/api/v1/books/pagination?page=1&size=8 HTTP/1.1" 200 2302396
192.168.1.211 - - [06/May/2023:18:20:27 +0700] "POST /book-store-be/api/v1/cart HTTP/1.1" 201 130
192.168.1.211 - - [06/May/2023:18:20:28 +0700] "POST /book-store-be/api/v1/cart HTTP/1.1" 201 128
192.168.1.211 - - [06/May/2023:18:20:29 +0700] "POST /book-store-be/api/v1/cart HTTP/1.1" 201 145
192.168.1.211 - - [06/May/2023:18:20:30 +0700] "POST /book-store-be/api/v1/cart HTTP/1.1" 201 120
192.168.1.211 - - [06/May/2023:18:20:32 +0700] "GET /book-store-be/api/v1/books/pagination?page=2&size=8 HTTP/1.1" 200 1645719
192.168.1.211 - - [06/May/2023:18:20:33 +0700] "POST /book-store-be/api/v1/cart HTTP/1.1" 201 137
192.168.1.211 - - [06/May/2023:18:20:43 +0700] "POST /book-store-be/api/v1/cart-delete HTTP/1.1" 200 8
192.168.1.211 - - [06/May/2023:18:20:44 +0700] "POST /book-store-be/api/v1/cart-delete HTTP/1.1" 200 8
192.168.1.211 - - [06/May/2023:18:20:46 +0700] "POST /book-store-be/api/v1/cart-delete HTTP/1.1" 200 8
192.168.1.211 - - [06/May/2023:18:20:55 +0700] "POST /book-store-be/api/v1/cart-delete HTTP/1.1" 200 8
192.168.1.211 - - [06/May/2023:18:20:59 +0700] "POST /book-store-be/api/v1/cart-delete HTTP/1.1" 200 8
192.168.1.211 - - [06/May/2023:18:22:24 +0700] "GET /book-store-be/api/v1/books/pagination?page=2&size=8 HTTP/1.1" 200 1645719
192.168.1.211 - - [06/May/2023:18:22:24 +0700] "GET /book-store-be/api/v1/books/pagination?page=2&size=8 HTTP/1.1" 200 1645719
192.168.1.211 - - [06/May/2023:18:22:28 +0700] "GET /book-store-be/api/v1/books/pagination?page=2&size=8 HTTP/1.1" 200 1645719
192.168.1.211 - - [06/May/2023:18:22:28 +0700] "GET /book-store-be/api/v1/books/pagination?page=2&size=8 HTTP/1.1" 200 1645719
192.168.1.211 - - [06/May/2023:18:22:42 +0700] "GET /book-store-be/api/v1/books/pagination?page=1&size=8 HTTP/1.1" 200 2302396
192.168.1.211 - - [06/May/2023:18:22:43 +0700] "GET /book-store-be/api/v1/books/pagination?page=1&size=8 HTTP/1.1" 200 2302396
192.168.1.211 - - [06/May/2023:18:22:46 +0700] "GET /book-store-be/api/v1/books/pagination?page=2&size=8 HTTP/1.1" 200 1645719
192.168.1.211 - - [06/May/2023:18:22:52 +0700] "GET /book-store-be/api/v1/books/pagination?page=1&size=8 HTTP/1.1" 200 2302396
192.168.1.211 - - [06/May/2023:18:22:52 +0700] "GET /book-store-be/api/v1/books/pagination?page=1&size=8 HTTP/1.1" 200 2302396
192.168.1.211 - - [06/May/2023:18:22:55 +0700] "GET /book-store-be/api/v1/books/pagination?page=2&size=8 HTTP/1.1" 200 1645719
192.168.1.211 - - [06/May/2023:18:22:59 +0700] "GET /book-store-be/api/v1/books/pagination?page=3&size=8 HTTP/1.1" 200 60
192.168.1.211 - - [06/May/2023:18:23:01 +0700] "GET /book-store-be/api/v1/books/pagination?page=2&size=8 HTTP/1.1" 200 1645719
192.168.1.211 - - [06/May/2023:18:23:24 +0700] "GET /book-store-be/api/v1/books/pagination?page=2&size=8 HTTP/1.1" 200 1645729
192.168.1.211 - - [06/May/2023:18:23:25 +0700] "GET /book-store-be/api/v1/books/pagination?page=2&size=8 HTTP/1.1" 200 1645729
127.0.0.1 - - [06/May/2023:18:23:40 +0700] "GET / HTTP/1.1" 404 751
0:0:0:0:0:0:0:1 - - [06/May/2023:18:23:41 +0700] "GET /book-store-be/api/v1/cart-delete HTTP/1.1" 200 25
192.168.1.211 - - [06/May/2023:18:23:47 +0700] "GET /book-store-be/api/v1/books/pagination?page=2&size=8 HTTP/1.1" 200 65606
192.168.1.211 - - [06/May/2023:18:23:47 +0700] "GET /book-store-be/api/v1/books/pagination?page=1&size=8 HTTP/1.1" 200 65606
192.168.1.211 - - [06/May/2023:18:23:47 +0700] "GET /book-store-be/api/v1/books/pagination?page=1&size=8 HTTP/1.1" 200 2302396
192.168.1.211 - - [06/May/2023:18:23:47 +0700] "GET /book-store-be/api/v1/books/pagination?page=1&size=8 HTTP/1.1" 200 2302396
192.168.1.211 - - [06/May/2023:18:23:48 +0700] "GET /book-store-be/api/v1/books/pagination?page=1&size=8 HTTP/1.1" 200 2302396
192.168.1.211 - - [06/May/2023:18:23:48 +0700] "GET /book-store-be/api/v1/books/pagination?page=1&size=8 HTTP/1.1" 200 2302396
192.168.1.211 - - [06/May/2023:18:23:52 +0700] "GET /book-store-be/api/v1/books/pagination?page=2&size=8 HTTP/1.1" 200 1645729
192.168.1.211 - - [06/May/2023:18:23:58 +0700] "GET /book-store-be/api/v1/books/pagination?page=3&size=8 HTTP/1.1" 200 60
192.168.1.211 - - [06/May/2023:18:24:00 +0700] "GET /book-store-be/api/v1/books/pagination?page=2&size=8 HTTP/1.1" 200 1645729
192.168.1.211 - - [06/May/2023:18:24:03 +0700] "GET /book-store-be/api/v1/books/pagination?page=2&size=8 HTTP/1.1" 200 1645729
192.168.1.211 - - [06/May/2023:18:24:04 +0700] "GET /book-store-be/api/v1/books/pagination?page=2&size=8 HTTP/1.1" 200 1645729
127.0.0.1 - - [06/May/2023:18:47:45 +0700] "GET / HTTP/1.1" 404 751
0:0:0:0:0:0:0:1 - - [06/May/2023:18:47:45 +0700] "GET /book-store-be/api/v1/cart-get HTTP/1.1" 500 1429
0:0:0:0:0:0:0:1 - - [06/May/2023:18:48:10 +0700] "GET /api/v1/cart-get HTTP/1.1" 404 774
192.168.1.211 - - [06/May/2023:18:48:59 +0700] "GET /book-store-be/api/v1/books/pagination?page=1&size=8 HTTP/1.1" 200 65606
192.168.1.211 - - [06/May/2023:18:48:59 +0700] "GET /book-store-be/api/v1/books/pagination?page=1&size=8 HTTP/1.1" 200 2302396
192.168.1.211 - - [06/May/2023:18:48:59 +0700] "GET /book-store-be/api/v1/books/pagination?page=1&size=8 HTTP/1.1" 200 2302396
192.168.1.211 - - [06/May/2023:18:49:08 +0700] "POST /book-store-be/api/v1/login HTTP/1.1" 200 152
192.168.1.211 - - [06/May/2023:18:49:08 +0700] "GET /book-store-be/api/v1/cart-get HTTP/1.1" 500 1432
192.168.1.211 - - [06/May/2023:18:49:10 +0700] "POST /book-store-be/api/v1/cart HTTP/1.1" 201 130
192.168.1.211 - - [06/May/2023:18:49:10 +0700] "POST /book-store-be/api/v1/cart HTTP/1.1" 201 145
192.168.1.211 - - [06/May/2023:18:49:11 +0700] "POST /book-store-be/api/v1/cart HTTP/1.1" 201 120
192.168.1.211 - - [06/May/2023:18:49:12 +0700] "POST /book-store-be/api/v1/cart HTTP/1.1" 201 130
0:0:0:0:0:0:0:1 - - [06/May/2023:18:49:39 +0700] "GET /api/v1/cart-get HTTP/1.1" 404 774
192.168.1.211 - - [06/May/2023:18:49:50 +0700] "GET /book-store-be/api/v1/books/pagination?page=1&size=8 HTTP/1.1" 200 2302396
192.168.1.211 - - [06/May/2023:18:49:50 +0700] "GET /book-store-be/api/v1/books/pagination?page=1&size=8 HTTP/1.1" 200 2302396
192.168.1.211 - - [06/May/2023:18:50:13 +0700] "GET /book-store-be/api/v1/books/pagination?page=1&size=8 HTTP/1.1" 200 2302396
192.168.1.211 - - [06/May/2023:18:50:14 +0700] "GET /book-store-be/api/v1/books/pagination?page=1&size=8 HTTP/1.1" 200 2302396
0:0:0:0:0:0:0:1 - - [06/May/2023:18:50:19 +0700] "GET /api/v1/cart-get HTTP/1.1" 404 774
0:0:0:0:0:0:0:1 - - [06/May/2023:18:50:33 +0700] "GET /book-store-be/api/v1/cart-get HTTP/1.1" 500 1429
0:0:0:0:0:0:0:1 - - [06/May/2023:18:51:06 +0700] "GET /book-store-be/api/v1/cart-get?customerId=8 HTTP/1.1" 500 1434
127.0.0.1 - - [06/May/2023:19:03:32 +0700] "GET / HTTP/1.1" 404 751
0:0:0:0:0:0:0:1 - - [06/May/2023:19:03:32 +0700] "GET /book-store-be/api/v1/cart-get HTTP/1.1" 500 1429
0:0:0:0:0:0:0:1 - - [06/May/2023:19:03:45 +0700] "GET /book-store-be/api/v1/cart-get?customerId=8 HTTP/1.1" 500 1434
192.168.1.211 - - [06/May/2023:19:05:20 +0700] "GET /book-store-be/api/v1/books/pagination?page=1&size=8 HTTP/1.1" 200 2302396
192.168.1.211 - - [06/May/2023:19:05:20 +0700] "GET /book-store-be/api/v1/books/pagination?page=1&size=8 HTTP/1.1" 200 2302396
127.0.0.1 - - [06/May/2023:19:14:22 +0700] "GET / HTTP/1.1" 404 751
0:0:0:0:0:0:0:1 - - [06/May/2023:19:14:22 +0700] "GET /book-store-be/api/v1/cart-get HTTP/1.1" 500 1429
0:0:0:0:0:0:0:1 - - [06/May/2023:19:14:33 +0700] "GET /book-store-be/api/v1/cart-get?customerId=8 HTTP/1.1" 500 1424
127.0.0.1 - - [06/May/2023:19:15:00 +0700] "GET / HTTP/1.1" 404 751
0:0:0:0:0:0:0:1 - - [06/May/2023:19:15:01 +0700] "GET /book-store-be/api/v1/cart-get HTTP/1.1" 500 1429
0:0:0:0:0:0:0:1 - - [06/May/2023:19:15:11 +0700] "GET /book-store-be/api/v1/cart-get?customerId=8 HTTP/1.1" 500 1420
192.168.1.211 - - [06/May/2023:19:15:46 +0700] "GET /book-store-be/api/v1/books/pagination?page=1&size=8 HTTP/1.1" 200 2302396
192.168.1.211 - - [06/May/2023:19:15:46 +0700] "GET /book-store-be/api/v1/books/pagination?page=1&size=8 HTTP/1.1" 200 2302396
192.168.1.211 - - [06/May/2023:19:15:51 +0700] "GET /book-store-be/api/v1/books/pagination?page=1&size=8 HTTP/1.1" 200 2302396
192.168.1.211 - - [06/May/2023:19:15:53 +0700] "GET /book-store-be/api/v1/books/pagination?page=2&size=8 HTTP/1.1" 200 1645729
192.168.1.211 - - [06/May/2023:19:16:06 +0700] "GET /book-store-be/api/v1/books/pagination?page=1&size=8 HTTP/1.1" 200 2302396
192.168.1.211 - - [06/May/2023:19:16:06 +0700] "GET /book-store-be/api/v1/books/pagination?page=1&size=8 HTTP/1.1" 200 2302396
192.168.1.211 - - [06/May/2023:19:16:09 +0700] "GET /book-store-be/api/v1/books/pagination?page=0&size=8 HTTP/1.1" 200 -
192.168.1.211 - - [06/May/2023:19:16:34 +0700] "GET /book-store-be/api/v1/books/pagination?page=1&size=8 HTTP/1.1" 200 2302396
192.168.1.211 - - [06/May/2023:19:16:34 +0700] "GET /book-store-be/api/v1/books/pagination?page=1&size=8 HTTP/1.1" 200 2302396
192.168.1.211 - - [06/May/2023:19:16:38 +0700] "GET /book-store-be/api/v1/books/pagination?page=0&size=8 HTTP/1.1" 200 -
192.168.1.211 - - [06/May/2023:19:16:46 +0700] "GET /book-store-be/api/v1/books/pagination?page=1&size=8 HTTP/1.1" 200 2302396
192.168.1.211 - - [06/May/2023:19:16:46 +0700] "GET /book-store-be/api/v1/books/pagination?page=1&size=8 HTTP/1.1" 200 2302396
0:0:0:0:0:0:0:1 - - [06/May/2023:19:16:55 +0700] "GET /book-store-be/api/v1/cart-get?customerId=8 HTTP/1.1" 500 1418
192.168.1.211 - - [06/May/2023:19:16:56 +0700] "GET /book-store-be/api/v1/books/pagination?page=2&size=8 HTTP/1.1" 200 1645729
192.168.1.211 - - [06/May/2023:19:16:56 +0700] "GET /book-store-be/api/v1/books/pagination?page=1&size=8 HTTP/1.1" 200 2302396
192.168.1.211 - - [06/May/2023:19:17:22 +0700] "GET /book-store-be/api/v1/books/pagination?page=1&size=8 HTTP/1.1" 200 2302396
192.168.1.211 - - [06/May/2023:19:17:22 +0700] "GET /book-store-be/api/v1/books/pagination?page=1&size=8 HTTP/1.1" 200 2302396
192.168.1.211 - - [06/May/2023:19:17:33 +0700] "GET /book-store-be/api/v1/books/pagination?page=1&size=8 HTTP/1.1" 200 2302396
192.168.1.211 - - [06/May/2023:19:17:51 +0700] "GET /book-store-be/api/v1/books/pagination?page=1&size=8 HTTP/1.1" 200 2302396
192.168.1.211 - - [06/May/2023:19:17:51 +0700] "GET /book-store-be/api/v1/books/pagination?page=1&size=8 HTTP/1.1" 200 2302396
192.168.1.211 - - [06/May/2023:19:17:55 +0700] "GET /book-store-be/api/v1/books/pagination?page=1&size=8 HTTP/1.1" 200 2302396
192.168.1.211 - - [06/May/2023:19:17:56 +0700] "GET /book-store-be/api/v1/books/pagination?page=0&size=8 HTTP/1.1" 200 -
192.168.1.211 - - [06/May/2023:19:18:08 +0700] "GET /book-store-be/api/v1/books/pagination?page=1&size=8 HTTP/1.1" 200 2302396
192.168.1.211 - - [06/May/2023:19:18:08 +0700] "GET /book-store-be/api/v1/books/pagination?page=1&size=8 HTTP/1.1" 200 2302396
127.0.0.1 - - [06/May/2023:19:18:26 +0700] "GET / HTTP/1.1" 404 751
0:0:0:0:0:0:0:1 - - [06/May/2023:19:18:27 +0700] "GET /book-store-be/api/v1/cart-get HTTP/1.1" 500 1429
0:0:0:0:0:0:0:1 - - [06/May/2023:19:18:34 +0700] "GET /book-store-be/api/v1/cart-get?customerId=8 HTTP/1.1" 500 1418
192.168.1.211 - - [06/May/2023:19:18:35 +0700] "GET /book-store-be/api/v1/books/pagination?page=1&size=8 HTTP/1.1" 200 65606
192.168.1.211 - - [06/May/2023:19:18:35 +0700] "GET /book-store-be/api/v1/books/pagination?page=2&size=8 HTTP/1.1" 200 1645729
192.168.1.211 - - [06/May/2023:19:18:36 +0700] "GET /book-store-be/api/v1/books/pagination?page=1&size=8 HTTP/1.1" 200 2302396
192.168.1.211 - - [06/May/2023:19:18:36 +0700] "GET /book-store-be/api/v1/books/pagination?page=1&size=8 HTTP/1.1" 200 2302396
192.168.1.211 - - [06/May/2023:19:18:36 +0700] "GET /book-store-be/api/v1/books/pagination?page=1&size=8 HTTP/1.1" 200 2302396
192.168.1.211 - - [06/May/2023:19:18:52 +0700] "GET /book-store-be/api/v1/books/pagination?page=1&size=8 HTTP/1.1" 200 2302396
192.168.1.211 - - [06/May/2023:19:18:52 +0700] "GET /book-store-be/api/v1/books/pagination?page=1&size=8 HTTP/1.1" 200 2302396
192.168.1.211 - - [06/May/2023:19:18:59 +0700] "GET /book-store-be/api/v1/books/pagination?page=2&size=8 HTTP/1.1" 200 1645729
192.168.1.211 - - [06/May/2023:19:19:02 +0700] "GET /book-store-be/api/v1/books/pagination?page=3&size=8 HTTP/1.1" 200 60
192.168.1.211 - - [06/May/2023:19:19:05 +0700] "GET /book-store-be/api/v1/books/pagination?page=2&size=8 HTTP/1.1" 200 1645729
192.168.1.211 - - [06/May/2023:19:20:38 +0700] "GET /book-store-be/api/v1/books/pagination?page=1&size=8 HTTP/1.1" 200 2302396
192.168.1.211 - - [06/May/2023:19:20:38 +0700] "GET /book-store-be/api/v1/books/pagination?page=1&size=8 HTTP/1.1" 200 2302396
192.168.1.211 - - [06/May/2023:19:21:03 +0700] "GET /book-store-be/api/v1/books/pagination?page=1&size=8 HTTP/1.1" 200 262406
192.168.1.211 - - [06/May/2023:19:21:03 +0700] "GET /book-store-be/api/v1/books/pagination?page=1&size=8 HTTP/1.1" 200 262406
192.168.1.211 - - [06/May/2023:19:21:05 +0700] "GET /book-store-be/api/v1/books/pagination?page=1&size=8 HTTP/1.1" 200 2302396
192.168.1.211 - - [06/May/2023:19:21:05 +0700] "GET /book-store-be/api/v1/books/pagination?page=1&size=8 HTTP/1.1" 200 2302396
192.168.1.211 - - [06/May/2023:19:21:39 +0700] "GET /book-store-be/api/v1/books/pagination?page=1&size=8 HTTP/1.1" 200 2302396
192.168.1.211 - - [06/May/2023:19:21:39 +0700] "GET /book-store-be/api/v1/books/pagination?page=1&size=8 HTTP/1.1" 200 2302396
192.168.1.211 - - [06/May/2023:19:21:56 +0700] "GET /book-store-be/api/v1/books/pagination?page=1&size=8 HTTP/1.1" 200 2302396
192.168.1.211 - - [06/May/2023:19:22:19 +0700] "GET /book-store-be/api/v1/books/pagination?page=1&size=8 HTTP/1.1" 200 2302396
192.168.1.211 - - [06/May/2023:19:22:19 +0700] "GET /book-store-be/api/v1/books/pagination?page=1&size=8 HTTP/1.1" 200 2302396
192.168.1.211 - - [06/May/2023:19:22:29 +0700] "GET /book-store-be/api/v1/books/pagination?page=1&size=8 HTTP/1.1" 200 2302396
192.168.1.211 - - [06/May/2023:19:22:29 +0700] "GET /book-store-be/api/v1/books/pagination?page=1&size=8 HTTP/1.1" 200 2302396
192.168.1.211 - - [06/May/2023:19:22:37 +0700] "GET /book-store-be/api/v1/books/pagination?page=1&size=8 HTTP/1.1" 200 2302396
192.168.1.211 - - [06/May/2023:19:22:37 +0700] "GET /book-store-be/api/v1/books/pagination?page=1&size=8 HTTP/1.1" 200 2302396
127.0.0.1 - - [06/May/2023:19:24:04 +0700] "GET / HTTP/1.1" 404 751
0:0:0:0:0:0:0:1 - - [06/May/2023:19:24:04 +0700] "GET /book-store-be/api/v1/cart-get HTTP/1.1" 500 1429
0:0:0:0:0:0:0:1 - - [06/May/2023:19:24:12 +0700] "GET /book-store-be/api/v1/cart-get?customerId=8 HTTP/1.1" 500 1418
192.168.1.211 - - [06/May/2023:19:24:59 +0700] "GET /book-store-be/api/v1/books/pagination?page=1&size=8 HTTP/1.1" 200 2302396
192.168.1.211 - - [06/May/2023:19:24:59 +0700] "GET /book-store-be/api/v1/books/pagination?page=1&size=8 HTTP/1.1" 200 2302396
192.168.1.211 - - [06/May/2023:19:25:02 +0700] "GET /book-store-be/api/v1/books/pagination?page=2&size=8 HTTP/1.1" 200 1645729
192.168.1.211 - - [06/May/2023:19:25:22 +0700] "GET /book-store-be/api/v1/books/pagination?page=2&size=8 HTTP/1.1" 200 1645729
127.0.0.1 - - [06/May/2023:19:27:27 +0700] "GET / HTTP/1.1" 404 751
0:0:0:0:0:0:0:1 - - [06/May/2023:19:27:27 +0700] "GET /book-store-be/api/v1/cart-get HTTP/1.1" 500 1429
0:0:0:0:0:0:0:1 - - [06/May/2023:19:27:36 +0700] "GET /book-store-be/api/v1/cart-get?customerId=8 HTTP/1.1" 500 1420
192.168.1.211 - - [06/May/2023:19:27:48 +0700] "GET /book-store-be/api/v1/books/pagination?page=1&size=8 HTTP/1.1" 200 2302396
192.168.1.211 - - [06/May/2023:19:27:48 +0700] "GET /book-store-be/api/v1/books/pagination?page=1&size=8 HTTP/1.1" 200 2302396
127.0.0.1 - - [06/May/2023:19:28:13 +0700] "GET / HTTP/1.1" 404 751
0:0:0:0:0:0:0:1 - - [06/May/2023:19:28:13 +0700] "GET /book-store-be/api/v1/cart-get HTTP/1.1" 500 1429
192.168.1.211 - - [06/May/2023:19:28:18 +0700] "GET /book-store-be/api/v1/books/pagination?page=2&size=8 HTTP/1.1" 200 65606
0:0:0:0:0:0:0:1 - - [06/May/2023:19:28:19 +0700] "GET /book-store-be/api/v1/cart-get?customerId=8 HTTP/1.1" 500 1420
192.168.1.211 - - [06/May/2023:19:28:19 +0700] "GET /book-store-be/api/v1/books/pagination?page=1&size=8 HTTP/1.1" 200 2302396
192.168.1.211 - - [06/May/2023:19:28:19 +0700] "GET /book-store-be/api/v1/books/pagination?page=1&size=8 HTTP/1.1" 200 2302396
127.0.0.1 - - [06/May/2023:19:31:21 +0700] "GET / HTTP/1.1" 404 751
0:0:0:0:0:0:0:1 - - [06/May/2023:19:31:21 +0700] "GET /book-store-be/api/v1/cart-get HTTP/1.1" 500 1429
0:0:0:0:0:0:0:1 - - [06/May/2023:19:31:30 +0700] "GET /book-store-be/api/v1/cart-get?customerId=8 HTTP/1.1" 500 1420
127.0.0.1 - - [06/May/2023:19:33:02 +0700] "GET / HTTP/1.1" 404 751
0:0:0:0:0:0:0:1 - - [06/May/2023:19:33:03 +0700] "GET /book-store-be/api/v1/cart-get HTTP/1.1" 500 1429
0:0:0:0:0:0:0:1 - - [06/May/2023:19:33:18 +0700] "GET /book-store-be/api/v1/cart-get?customerId=8 HTTP/1.1" 500 1420
127.0.0.1 - - [06/May/2023:19:36:17 +0700] "GET / HTTP/1.1" 404 751
0:0:0:0:0:0:0:1 - - [06/May/2023:19:36:18 +0700] "GET /book-store-be/api/v1/cart-get HTTP/1.1" 500 1429
0:0:0:0:0:0:0:1 - - [06/May/2023:19:36:26 +0700] "GET /book-store-be/api/v1/cart-get?customerId=8 HTTP/1.1" 500 1434
0:0:0:0:0:0:0:1 - - [06/May/2023:19:37:33 +0700] "GET /book-store-be/api/v1/cart-get?customerId=8 HTTP/1.1" 500 1434
127.0.0.1 - - [06/May/2023:19:37:50 +0700] "GET / HTTP/1.1" 404 751
0:0:0:0:0:0:0:1 - - [06/May/2023:19:37:51 +0700] "GET /book-store-be/api/v1/cart-get HTTP/1.1" 500 1429
0:0:0:0:0:0:0:1 - - [06/May/2023:19:38:02 +0700] "GET /book-store-be/api/v1/cart-get?customerId=8 HTTP/1.1" 500 1434
127.0.0.1 - - [06/May/2023:19:39:07 +0700] "GET / HTTP/1.1" 404 751
0:0:0:0:0:0:0:1 - - [06/May/2023:19:39:07 +0700] "GET /book-store-be/api/v1/cart-get HTTP/1.1" 500 1429
0:0:0:0:0:0:0:1 - - [06/May/2023:19:39:14 +0700] "GET /book-store-be/api/v1/cart-get?customerId=8 HTTP/1.1" 500 1420
127.0.0.1 - - [06/May/2023:19:41:58 +0700] "GET / HTTP/1.1" 404 751
0:0:0:0:0:0:0:1 - - [06/May/2023:19:41:58 +0700] "GET /book-store-be/api/v1/cart-get HTTP/1.1" 500 1429
0:0:0:0:0:0:0:1 - - [06/May/2023:19:42:06 +0700] "GET /book-store-be/api/v1/cart-get?customerId=8 HTTP/1.1" 500 1420
127.0.0.1 - - [06/May/2023:19:46:20 +0700] "GET / HTTP/1.1" 404 751
0:0:0:0:0:0:0:1 - - [06/May/2023:19:46:20 +0700] "GET /book-store-be/api/v1/cart-get HTTP/1.1" 500 1429
0:0:0:0:0:0:0:1 - - [06/May/2023:19:46:27 +0700] "GET /book-store-be/api/v1/cart-get?customerId=8 HTTP/1.1" 500 1420
127.0.0.1 - - [06/May/2023:19:47:02 +0700] "GET / HTTP/1.1" 404 751
0:0:0:0:0:0:0:1 - - [06/May/2023:19:47:02 +0700] "GET /book-store-be/api/v1/cart-get HTTP/1.1" 500 1429
0:0:0:0:0:0:0:1 - - [06/May/2023:19:47:11 +0700] "GET /book-store-be/api/v1/cart-get?customerId=8 HTTP/1.1" 500 1420
127.0.0.1 - - [06/May/2023:19:48:29 +0700] "GET / HTTP/1.1" 404 751
0:0:0:0:0:0:0:1 - - [06/May/2023:19:48:30 +0700] "GET /book-store-be/api/v1/cart-get HTTP/1.1" 500 1429
0:0:0:0:0:0:0:1 - - [06/May/2023:19:48:38 +0700] "GET /book-store-be/api/v1/cart-get?customerId=8 HTTP/1.1" 500 1420
0:0:0:0:0:0:0:1 - - [06/May/2023:19:49:02 +0700] "GET /book-store-be/api/v1/cart-get?customerId=8 HTTP/1.1" 500 1420
127.0.0.1 - - [06/May/2023:19:49:23 +0700] "GET / HTTP/1.1" 404 751
0:0:0:0:0:0:0:1 - - [06/May/2023:19:49:23 +0700] "GET /book-store-be/api/v1/cart-get HTTP/1.1" 500 1429
0:0:0:0:0:0:0:1 - - [06/May/2023:19:49:33 +0700] "GET /book-store-be/api/v1/cart-get?customerId=8 HTTP/1.1" 500 1420
127.0.0.1 - - [06/May/2023:19:54:00 +0700] "GET / HTTP/1.1" 404 751
0:0:0:0:0:0:0:1 - - [06/May/2023:19:54:01 +0700] "GET /book-store-be/api/v1/cart-get HTTP/1.1" 500 1429
0:0:0:0:0:0:0:1 - - [06/May/2023:19:54:08 +0700] "GET /book-store-be/api/v1/cart-get?customerId=8 HTTP/1.1" 500 1420
0:0:0:0:0:0:0:1 - - [06/May/2023:19:54:29 +0700] "GET /book-store-be/WEB-INF/classes/dao/BookDAO.java HTTP/1.1" 404 682
0:0:0:0:0:0:0:1 - - [06/May/2023:19:54:34 +0700] "GET /book-store-be/api/v1/cart-get?customerId=8 HTTP/1.1" 500 1420
0:0:0:0:0:0:0:1 - - [06/May/2023:19:54:51 +0700] "GET /book-store-be/api/v1/cart-get?customerId=8 HTTP/1.1" 500 1420
127.0.0.1 - - [06/May/2023:19:58:51 +0700] "GET / HTTP/1.1" 404 751
0:0:0:0:0:0:0:1 - - [06/May/2023:19:58:52 +0700] "GET /book-store-be/api/v1/cart-get HTTP/1.1" 500 1429
0:0:0:0:0:0:0:1 - - [06/May/2023:19:58:58 +0700] "GET /book-store-be/api/v1/cart-get?customerId=8 HTTP/1.1" 500 1420
0:0:0:0:0:0:0:1 - - [06/May/2023:19:59:33 +0700] "GET /book-store-be/api/v1/cart-get?customerId=8 HTTP/1.1" 500 1420
127.0.0.1 - - [06/May/2023:20:01:32 +0700] "GET / HTTP/1.1" 404 751
0:0:0:0:0:0:0:1 - - [06/May/2023:20:01:32 +0700] "GET /book-store-be/api/v1/cart-get HTTP/1.1" 500 1429
0:0:0:0:0:0:0:1 - - [06/May/2023:20:01:40 +0700] "GET /book-store-be/api/v1/cart-get?customerId=8 HTTP/1.1" 500 1420
0:0:0:0:0:0:0:1 - - [06/May/2023:20:02:02 +0700] "GET /book-store-be/api/v1/cart-get?customerId=8 HTTP/1.1" 200 1355501
127.0.0.1 - - [06/May/2023:20:04:30 +0700] "GET / HTTP/1.1" 404 751
0:0:0:0:0:0:0:1 - - [06/May/2023:20:04:30 +0700] "GET /book-store-be/api/v1/cart HTTP/1.1" 200 -
192.168.1.211 - - [06/May/2023:20:04:50 +0700] "POST /book-store-be/api/v1/login HTTP/1.1" 200 152
192.168.1.211 - - [06/May/2023:20:04:50 +0700] "GET /book-store-be/api/v1/cart-get HTTP/1.1" 500 1432
192.168.1.211 - - [06/May/2023:20:06:03 +0700] "POST /book-store-be/api/v1/login HTTP/1.1" 200 152
192.168.1.211 - - [06/May/2023:20:06:03 +0700] "GET /book-store-be/api/v1/cart-get HTTP/1.1" 500 1432
127.0.0.1 - - [06/May/2023:20:07:16 +0700] "GET / HTTP/1.1" 404 751
0:0:0:0:0:0:0:1 - - [06/May/2023:20:07:16 +0700] "GET /book-store-be/WEB-INF/classes/dao/BookDAO.java HTTP/1.1" 404 682
192.168.1.211 - - [06/May/2023:20:07:40 +0700] "POST /book-store-be/api/v1/login HTTP/1.1" 200 152
192.168.1.211 - - [06/May/2023:20:07:40 +0700] "GET /book-store-be/api/v1/cart-get HTTP/1.1" 500 1432
192.168.1.211 - - [06/May/2023:20:08:07 +0700] "POST /book-store-be/api/v1/login HTTP/1.1" 401 60
192.168.1.211 - - [06/May/2023:20:08:14 +0700] "POST /book-store-be/api/v1/login HTTP/1.1" 200 152
192.168.1.211 - - [06/May/2023:20:08:14 +0700] "GET /book-store-be/api/v1/cart-get HTTP/1.1" 500 1432
192.168.1.211 - - [06/May/2023:20:09:06 +0700] "POST /book-store-be/api/v1/login HTTP/1.1" 200 152
192.168.1.211 - - [06/May/2023:20:09:06 +0700] "GET /book-store-be/api/v1/cart-get HTTP/1.1" 500 1432
192.168.1.211 - - [06/May/2023:20:09:31 +0700] "POST /book-store-be/api/v1/login HTTP/1.1" 200 152
192.168.1.211 - - [06/May/2023:20:09:31 +0700] "GET /book-store-be/api/v1/cart-get HTTP/1.1" 500 1432
192.168.1.211 - - [06/May/2023:20:10:28 +0700] "POST /book-store-be/api/v1/login HTTP/1.1" 200 152
192.168.1.211 - - [06/May/2023:20:10:28 +0700] "GET /book-store-be/api/v1/cart-get HTTP/1.1" 500 1432
192.168.1.211 - - [06/May/2023:20:11:44 +0700] "POST /book-store-be/api/v1/login HTTP/1.1" 200 152
192.168.1.211 - - [06/May/2023:20:11:44 +0700] "GET /book-store-be/api/v1/cart-get HTTP/1.1" 500 1432
127.0.0.1 - - [06/May/2023:20:12:05 +0700] "GET / HTTP/1.1" 404 751
0:0:0:0:0:0:0:1 - - [06/May/2023:20:12:05 +0700] "GET /book-store-be/api/v1/cart HTTP/1.1" 200 -
192.168.1.211 - - [06/May/2023:20:12:15 +0700] "POST /book-store-be/api/v1/login HTTP/1.1" 200 152
192.168.1.211 - - [06/May/2023:20:12:16 +0700] "GET /book-store-be/api/v1/cart-get HTTP/1.1" 500 1432
192.168.1.211 - - [06/May/2023:20:13:29 +0700] "POST /book-store-be/api/v1/login HTTP/1.1" 200 152
192.168.1.211 - - [06/May/2023:20:13:29 +0700] "GET /book-store-be/api/v1/cart-get HTTP/1.1" 500 1432
192.168.1.211 - - [06/May/2023:20:15:02 +0700] "POST /book-store-be/api/v1/login HTTP/1.1" 200 152
192.168.1.211 - - [06/May/2023:20:15:02 +0700] "GET /book-store-be/api/v1/cart-get HTTP/1.1" 500 1432
127.0.0.1 - - [06/May/2023:20:16:14 +0700] "GET / HTTP/1.1" 404 751
0:0:0:0:0:0:0:1 - - [06/May/2023:20:16:14 +0700] "GET /book-store-be/api/v1/cart-get HTTP/1.1" 500 1429
192.168.1.211 - - [06/May/2023:20:16:22 +0700] "POST /book-store-be/api/v1/login HTTP/1.1" 200 152
192.168.1.211 - - [06/May/2023:20:16:22 +0700] "GET /book-store-be/api/v1/cart-get HTTP/1.1" 500 1432
127.0.0.1 - - [06/May/2023:20:17:24 +0700] "GET / HTTP/1.1" 404 751
0:0:0:0:0:0:0:1 - - [06/May/2023:20:17:24 +0700] "GET /book-store-be/api/v1/cart HTTP/1.1" 200 -
192.168.1.211 - - [06/May/2023:20:17:37 +0700] "POST /book-store-be/api/v1/login HTTP/1.1" 200 152
192.168.1.211 - - [06/May/2023:20:17:38 +0700] "POST /book-store-be/api/v1/cart-get HTTP/1.1" 200 1355501
0:0:0:0:0:0:0:1 - - [06/May/2023:20:19:47 +0700] "GET /book-store-be/api/v1/cart-get?customerId=8 HTTP/1.1" 500 1429
0:0:0:0:0:0:0:1 - - [06/May/2023:20:20:01 +0700] "GET /book-store-be/api/v1/cart-get?id=8 HTTP/1.1" 200 1355501
127.0.0.1 - - [06/May/2023:20:21:44 +0700] "GET / HTTP/1.1" 404 751
0:0:0:0:0:0:0:1 - - [06/May/2023:20:21:44 +0700] "GET /book-store-be/api/v1/cart HTTP/1.1" 200 -
192.168.1.211 - - [06/May/2023:20:22:00 +0700] "POST /book-store-be/api/v1/login HTTP/1.1" 200 152
192.168.1.211 - - [06/May/2023:20:22:00 +0700] "POST /book-store-be/api/v1/cart-get HTTP/1.1" 200 1355449
127.0.0.1 - - [06/May/2023:20:24:32 +0700] "GET / HTTP/1.1" 404 751
0:0:0:0:0:0:0:1 - - [06/May/2023:20:24:32 +0700] "GET /book-store-be/api/v1/cart-get HTTP/1.1" 500 1429
0:0:0:0:0:0:0:1 - - [06/May/2023:20:24:39 +0700] "GET /book-store-be/api/v1/cart-get?id=8 HTTP/1.1" 200 1355501
127.0.0.1 - - [06/May/2023:20:26:49 +0700] "GET / HTTP/1.1" 404 751
0:0:0:0:0:0:0:1 - - [06/May/2023:20:26:49 +0700] "GET /book-store-be/api/v1/cart-get HTTP/1.1" 500 1429
0:0:0:0:0:0:0:1 - - [06/May/2023:20:26:57 +0700] "GET /book-store-be/api/v1/cart-get?id=8 HTTP/1.1" 200 1355501
0:0:0:0:0:0:0:1 - - [06/May/2023:20:27:28 +0700] "POST /book-store-be/api/v1/cart-get?id=8 HTTP/1.1" 500 80123
127.0.0.1 - - [06/May/2023:20:27:59 +0700] "GET / HTTP/1.1" 404 751
0:0:0:0:0:0:0:1 - - [06/May/2023:20:27:59 +0700] "GET /book-store-be/api/v1/cart-get HTTP/1.1" 500 1429
0:0:0:0:0:0:0:1 - - [06/May/2023:20:28:07 +0700] "POST /book-store-be/api/v1/cart-get?id=8 HTTP/1.1" 200 1355397
127.0.0.1 - - [06/May/2023:20:30:33 +0700] "GET / HTTP/1.1" 404 751
0:0:0:0:0:0:0:1 - - [06/May/2023:20:30:33 +0700] "GET /book-store-be/api/v1/cart-get HTTP/1.1" 500 1429
0:0:0:0:0:0:0:1 - - [06/May/2023:20:30:40 +0700] "POST /book-store-be/api/v1/cart-get?id=8 HTTP/1.1" 200 10350
127.0.0.1 - - [06/May/2023:20:32:56 +0700] "GET / HTTP/1.1" 404 751
0:0:0:0:0:0:0:1 - - [06/May/2023:20:32:56 +0700] "GET /book-store-be/api/v1/cart-get HTTP/1.1" 500 1429
127.0.0.1 - - [06/May/2023:20:36:58 +0700] "GET / HTTP/1.1" 404 751
0:0:0:0:0:0:0:1 - - [06/May/2023:20:37:02 +0700] "GET /book-store-be/api/v1/search HTTP/1.1" 500 25
192.168.1.211 - - [06/May/2023:20:37:03 +0700] "POST /book-store-be/api/v1/login HTTP/1.1" 200 152
192.168.1.211 - - [06/May/2023:20:37:03 +0700] "POST /book-store-be/api/v1/cart-get HTTP/1.1" 200 10350
192.168.1.211 - - [06/May/2023:20:38:13 +0700] "GET /book-store-be/api/v1/books/pagination?page=1&size=8 HTTP/1.1" 200 2302396
192.168.1.211 - - [06/May/2023:20:38:13 +0700] "GET /book-store-be/api/v1/books/pagination?page=1&size=8 HTTP/1.1" 200 2302396
192.168.1.211 - - [06/May/2023:20:38:14 +0700] "POST /book-store-be/api/v1/cart HTTP/1.1" 201 129
192.168.1.211 - - [06/May/2023:20:38:21 +0700] "GET /book-store-be/api/v1/books/pagination?page=1&size=8 HTTP/1.1" 200 2302396
192.168.1.211 - - [06/May/2023:20:38:22 +0700] "GET /book-store-be/api/v1/books/pagination?page=1&size=8 HTTP/1.1" 200 2302396
192.168.1.211 - - [06/May/2023:20:39:14 +0700] "GET /book-store-be/api/v1/books/pagination?page=1&size=8 HTTP/1.1" 200 2302396
192.168.1.211 - - [06/May/2023:20:39:14 +0700] "GET /book-store-be/api/v1/books/pagination?page=1&size=8 HTTP/1.1" 200 2302396
192.168.1.211 - - [06/May/2023:20:39:15 +0700] "POST /book-store-be/api/v1/cart-update HTTP/1.1" 200 128
192.168.1.211 - - [06/May/2023:20:39:18 +0700] "GET /book-store-be/api/v1/books/pagination?page=1&size=8 HTTP/1.1" 200 2302396
192.168.1.211 - - [06/May/2023:20:39:18 +0700] "GET /book-store-be/api/v1/books/pagination?page=1&size=8 HTTP/1.1" 200 2302396
192.168.1.211 - - [06/May/2023:20:39:19 +0700] "POST /book-store-be/api/v1/cart HTTP/1.1" 201 131
192.168.1.211 - - [06/May/2023:20:39:20 +0700] "POST /book-store-be/api/v1/cart HTTP/1.1" 201 113
192.168.1.211 - - [06/May/2023:20:39:34 +0700] "POST /book-store-be/api/v1/login HTTP/1.1" 200 152
192.168.1.211 - - [06/May/2023:20:39:34 +0700] "POST /book-store-be/api/v1/cart-get HTTP/1.1" 200 56763
127.0.0.1 - - [06/May/2023:20:40:48 +0700] "GET / HTTP/1.1" 404 751
0:0:0:0:0:0:0:1 - - [06/May/2023:20:40:48 +0700] "GET /book-store-be/api/v1/cart-get HTTP/1.1" 500 1429
192.168.1.211 - - [06/May/2023:20:40:53 +0700] "GET /book-store-be/api/v1/category HTTP/1.1" 200 233
192.168.1.211 - - [06/May/2023:20:40:53 +0700] "GET /book-store-be/api/v1/category HTTP/1.1" 200 233
192.168.1.211 - - [06/May/2023:20:40:53 +0700] "GET /book-store-be/api/v1/category HTTP/1.1" 200 233
0:0:0:0:0:0:0:1 - - [06/May/2023:20:40:54 +0700] "POST /book-store-be/api/v1/cart-get?id=8 HTTP/1.1" 200 1885304
192.168.1.211 - - [06/May/2023:20:40:55 +0700] "GET /book-store-be/api/v1/books/pagination?page=1&size=8 HTTP/1.1" 200 2302396
192.168.1.211 - - [06/May/2023:20:40:55 +0700] "GET /book-store-be/api/v1/books/pagination?page=1&size=8 HTTP/1.1" 200 2302396
192.168.1.211 - - [06/May/2023:20:40:55 +0700] "GET /book-store-be/api/v1/books/pagination?page=1&size=8 HTTP/1.1" 200 2302396
192.168.1.211 - - [06/May/2023:20:40:56 +0700] "GET /book-store-be/api/v1/books/pagination?page=1&size=8 HTTP/1.1" 200 2302396
192.168.1.211 - - [06/May/2023:20:40:57 +0700] "GET /book-store-be/api/v1/books/pagination?page=1&size=8 HTTP/1.1" 200 2302396
